// Jest Snapshot v1, https://goo.gl/fbAQLP

exports[`view conforms to expected styles 1`] = `
<article
  className="css-1rc4b0p-lib--ui-view"
/>
`;
